// Jest Snapshot v1, https://goo.gl/fbAQLP

exports[`Side bar is loaded 1`] = `[Function]`;
